
> ai-resume-builder@0.1.0 build
> next build

  Γû▓ Next.js 14.2.35
  - Environments: .env.local, .env.production

   Creating an optimized production build ...
 Γ£ô Compiled successfully
   Linting and checking validity of types ...
node.exe : 
At C:\Program 
Files\nodejs\npm.ps1:29 
char:3
+   & $NODE_EXE 
$NPM_CLI_JS $args
+   ~~~~~~~~~~~~~~~~~~~~~~
~~~~~~~
    + CategoryInfo        
      : NotSpecified: (:  
  String) [], RemoteExc   
 eption
    + FullyQualifiedError 
   Id : NativeCommandErr  
  or
 
Failed to compile.

./app/api/resume/download/
route.ts
64:18  Error: Unexpected 
any. Specify a different 
type.  @typescript-eslint/
no-explicit-any
80:19  Error: Unexpected 
any. Specify a different 
type.  @typescript-eslint/
no-explicit-any
102:31  Error: Unexpected 
any. Specify a different 
type.  @typescript-eslint/
no-explicit-any
103:28  Error: Unexpected 
any. Specify a different 
type.  @typescript-eslint/
no-explicit-any
148:44  Error: Unexpected 
any. Specify a different 
type.  @typescript-eslint/
no-explicit-any
169:17  Error: Unexpected 
any. Specify a different 
type.  @typescript-eslint/
no-explicit-any
181:18  Error: 'fErr' is 
defined but never used.  @
typescript-eslint/no-unuse
d-vars

./app/api/v1/interview/sta
rt/route.ts
25:21  Error: Unexpected 
any. Specify a different 
type.  @typescript-eslint/
no-explicit-any

./app/api/v1/keys/route.ts
17:54  Error: Unexpected 
any. Specify a different 
type.  @typescript-eslint/
no-explicit-any
45:52  Error: Unexpected 
any. Specify a different 
type.  @typescript-eslint/
no-explicit-any
66:17  Error: Unexpected 
any. Specify a different 
type.  @typescript-eslint/
no-explicit-any
88:42  Error: Unexpected 
any. Specify a different 
type.  @typescript-eslint/
no-explicit-any

./app/api/v1/knowledge/gen
erate-pdf/route.ts
49:21  Error: Unexpected 
any. Specify a different 
type.  @typescript-eslint/
no-explicit-any

./app/api/v1/prep/question
/route.ts
25:21  Error: Unexpected 
any. Specify a different 
type.  @typescript-eslint/
no-explicit-any

./app/api/v1/resume/ats-sc
ore/route.ts
30:22  Error: 'e' is 
defined but never used.  @
typescript-eslint/no-unuse
d-vars
37:21  Error: Unexpected 
any. Specify a different 
type.  @typescript-eslint/
no-explicit-any

./app/api/v1/resume/genera
te/route.ts
26:21  Error: Unexpected 
any. Specify a different 
type.  @typescript-eslint/
no-explicit-any

./app/[locale]/(dashboard)
/portfolio/page.tsx
58:34  Warning: React 
Hook useEffect has a 
missing dependency: 
'load'. Either include it 
or remove the dependency 
array.  react-hooks/exhaus
tive-deps

./app/[locale]/builder/[id
]/page.tsx
57:12  Error: 
'isAtsLoading' is 
assigned a value but 
never used.  @typescript-e
slint/no-unused-vars
60:12  Error: 'couponMsg' 
is assigned a value but 
never used.  @typescript-e
slint/no-unused-vars
326:32  Error: Unexpected 
any. Specify a different 
type.  @typescript-eslint/
no-explicit-any
329:26  Error: 'e' is 
defined but never used.  @
typescript-eslint/no-unuse
d-vars
336:23  Error: Unexpected 
any. Specify a different 
type.  @typescript-eslint/
no-explicit-any
788:96  Error: Unexpected 
any. Specify a different 
type.  @typescript-eslint/
no-explicit-any

./components/builder/previ
ew/PreviewLayer.tsx
2:27  Error: 'Maximize2' 
is defined but never 
used.  @typescript-eslint/
no-unused-vars

./lib/api/v1-utils.ts
5:34  Error: Unexpected 
any. Specify a different 
type.  @typescript-eslint/
no-explicit-any
35:67  Error: Unexpected 
any. Specify a different 
type.  @typescript-eslint/
no-explicit-any
67:18  Error: Unexpected 
any. Specify a different 
type.  @typescript-eslint/
no-explicit-any
67:90  Error: Unexpected 
any. Specify a different 
type.  @typescript-eslint/
no-explicit-any
82:42  Error: Unexpected 
any. Specify a different 
type.  @typescript-eslint/
no-explicit-any
87:18  Error: 'e' is 
defined but never used.  @
typescript-eslint/no-unuse
d-vars

info  - Need to disable 
some ESLint rules? Learn 
more here: https://nextjs.
org/docs/basic-features/es
lint#disabling-rules
