
> ai-resume-builder@0.1.0 build
> next build

  Γû▓ Next.js 14.2.35
  - Environments: .env.local

node.exe : 
At C:\Program Files\nod
ejs\npm.ps1:29 char:3
+   & $NODE_EXE 
$NPM_CLI_JS $args
+   ~~~~~~~~~~~~~~~~~~~
~~~~~~~~~~
    + CategoryInfo     
         : NotSpecifi  
  ed: (:String) [],    
 RemoteException
    + FullyQualifiedEr 
   rorId : NativeComm  
  andError
 
> Build error occurred
Error: You cannot have 
the same slug name 
"region" repeat within 
a single dynamic path
    at C:\ResumeForgeAi
\ai-resume-builder\node
_modules\next\dist\shar
ed\lib\router\utils\sor
ted-routes.js:99:31
    at Array.forEach 
(<anonymous>)
    at handleSlug (C:\R
esumeForgeAi\ai-resume-
builder\node_modules\ne
xt\dist\shared\lib\rout
er\utils\sorted-routes.
js:97:27)
    at UrlNode._insert 
(C:\ResumeForgeAi\ai-re
sume-builder\node_modul
es\next\dist\shared\lib
\router\utils\sorted-ro
utes.js:131:17)
    at UrlNode._insert 
(C:\ResumeForgeAi\ai-re
sume-builder\node_modul
es\next\dist\shared\lib
\router\utils\sorted-ro
utes.js:142:40)
    at UrlNode._insert 
(C:\ResumeForgeAi\ai-re
sume-builder\node_modul
es\next\dist\shared\lib
\router\utils\sorted-ro
utes.js:142:40)
    at UrlNode.insert (
C:\ResumeForgeAi\ai-res
ume-builder\node_module
s\next\dist\shared\lib\
router\utils\sorted-rou
tes.js:13:14)
    at C:\ResumeForgeAi
\ai-resume-builder\node
_modules\next\dist\shar
ed\lib\router\utils\sor
ted-routes.js:165:46
    at Array.forEach 
(<anonymous>)
    at getSortedRoutes 
(C:\ResumeForgeAi\ai-re
sume-builder\node_modul
es\next\dist\shared\lib
\router\utils\sorted-ro
utes.js:165:21)
