node.exe : 
At C:\Program 
Files\nodejs\npx.ps1:29 
char:3
+   & $NODE_EXE $NPX_CLI_JS 
$args
+   
~~~~~~~~~~~~~~~~~~~~~~~~~~~~~
    + CategoryInfo           
   : NotSpecified: (:String  
  ) [], RemoteException
    + FullyQualifiedErrorId  
   : NativeCommandError
 
C:\ResumeForgeAi\ai-resume-bu
ilder\app\api\signup\route.ts
  69:19  error  Unexpected 
any. Specify a different 
type  @typescript-eslint/no-e
xplicit-any

Γ£û 1 problem (1 error, 0 
warnings)


info  - Need to disable some 
ESLint rules? Learn more 
here: https://nextjs.org/docs
/basic-features/eslint#disabl
ing-rules
